[debug] [2026-04-04T23:10:51.087Z] ----------------------------------------------------------------------
[debug] [2026-04-04T23:10:51.088Z] Command:       /opt/homebrew/Cellar/node/25.2.1/bin/node /Users/rentamac/Desktop/web issues/Studiely/node_modules/.bin/firebase deploy --only hosting --non-interactive
[debug] [2026-04-04T23:10:51.088Z] CLI Version:   14.27.0
[debug] [2026-04-04T23:10:51.088Z] Platform:      darwin
[debug] [2026-04-04T23:10:51.088Z] Node Version:  v25.2.1
[debug] [2026-04-04T23:10:51.088Z] Time:          Sat Apr 04 2026 16:10:51 GMT-0700 (Pacific Daylight Time)
[debug] [2026-04-04T23:10:51.089Z] ----------------------------------------------------------------------
[debug] 
[debug] [2026-04-04T23:10:51.089Z] >>> [apiv2][query] GET https://firebase-public.firebaseio.com/cli.json [none]
[debug] [2026-04-04T23:10:51.160Z] > command requires scopes: ["email","openid","https://www.googleapis.com/auth/cloudplatformprojects.readonly","https://www.googleapis.com/auth/firebase","https://www.googleapis.com/auth/cloud-platform"]
[debug] [2026-04-04T23:10:51.160Z] > authorizing via signed-in user (developer@qismatventures.com)
[debug] [2026-04-04T23:10:51.160Z] [iam] checking project eduplayce-5e68d for permissions ["firebase.projects.get","firebasehosting.sites.update"]
[debug] [2026-04-04T23:10:51.160Z] Checked if tokens are valid: false, expires at: 1775249477917
[debug] [2026-04-04T23:10:51.160Z] Checked if tokens are valid: false, expires at: 1775249477917
[debug] [2026-04-04T23:10:51.160Z] > refreshing access token with scopes: []
[debug] [2026-04-04T23:10:51.161Z] >>> [apiv2][query] POST https://www.googleapis.com/oauth2/v3/token [none]
[debug] [2026-04-04T23:10:51.161Z] >>> [apiv2][body] POST https://www.googleapis.com/oauth2/v3/token [omitted]
[debug] [2026-04-04T23:10:51.353Z] <<< [apiv2][status] POST https://www.googleapis.com/oauth2/v3/token 400
[debug] [2026-04-04T23:10:51.353Z] <<< [apiv2][body] POST https://www.googleapis.com/oauth2/v3/token [omitted]
[error] Authentication Error: Your credentials are no longer valid. Please run firebase login --reauth

For CI servers and headless environments, generate a new token with firebase login:ci
[error] Authentication Error: Your credentials are no longer valid. Please run firebase login --reauth

For CI servers and headless environments, generate a new token with firebase login:ci
[debug] [2026-04-04T23:10:51.354Z] [iam] error while checking permissions, command may fail: Authentication Error: Your credentials are no longer valid. Please run firebase login --reauth

For CI servers and headless environments, generate a new token with firebase login:ci
[debug] [2026-04-04T23:10:51.354Z] Checked if tokens are valid: false, expires at: 1775249477917
[debug] [2026-04-04T23:10:51.354Z] Checked if tokens are valid: false, expires at: 1775249477917
[debug] [2026-04-04T23:10:51.354Z] > refreshing access token with scopes: []
[debug] [2026-04-04T23:10:51.354Z] >>> [apiv2][query] POST https://www.googleapis.com/oauth2/v3/token [none]
[debug] [2026-04-04T23:10:51.354Z] >>> [apiv2][body] POST https://www.googleapis.com/oauth2/v3/token [omitted]
[debug] [2026-04-04T23:10:51.450Z] <<< [apiv2][status] POST https://www.googleapis.com/oauth2/v3/token 400
[debug] [2026-04-04T23:10:51.450Z] <<< [apiv2][body] POST https://www.googleapis.com/oauth2/v3/token [omitted]
[error] Authentication Error: Your credentials are no longer valid. Please run firebase login --reauth

For CI servers and headless environments, generate a new token with firebase login:ci
[error] Authentication Error: Your credentials are no longer valid. Please run firebase login --reauth

For CI servers and headless environments, generate a new token with firebase login:ci
[debug] [2026-04-04T23:10:51.450Z] Authentication Error: Your credentials are no longer valid. Please run firebase login --reauth

For CI servers and headless environments, generate a new token with firebase login:ci
[debug] [2026-04-04T23:10:51.521Z] <<< [apiv2][status] GET https://firebase-public.firebaseio.com/cli.json 200
[debug] [2026-04-04T23:10:51.521Z] <<< [apiv2][body] GET https://firebase-public.firebaseio.com/cli.json {"cloudBuildErrorAfter":1594252800000,"cloudBuildWarnAfter":1590019200000,"defaultNode10After":1594252800000,"minVersion":"3.0.5","node8DeploysDisabledAfter":1613390400000,"node8RuntimeDisabledAfter":1615809600000,"node8WarnAfter":1600128000000}
[error] 
[error] Error: Assertion failed: resolving hosting target of a site with no site name or target name. This should have caused an error earlier
